// Jest Snapshot v1, https://goo.gl/fbAQLP

exports[`renders correctly 1`] = `
Array [
  <header
    className="header"
  >
    <p />
    <p>
      Companies
    </p>
    <ul
      className="icons"
    >
      <li>
        <svg
          fill="currentColor"
          height="1em"
          stroke="currentColor"
          strokeWidth="0"
          style={
            Object {
              "color": undefined,
            }
          }
          viewBox="0 0 24 24"
          width="1em"
          xmlns="http://www.w3.org/2000/svg"
        >
          <path
            d="M0 0h24v24H0z"
            fill="none"
          />
          <path
            d="M12 15c1.66 0 2.99-1.34 2.99-3L15 6c0-1.66-1.34-3-3-3S9 4.34 9 6v6c0 1.66 1.34 3 3 3zm5.3-3c0 3-2.54 5.1-5.3 5.1S6.7 15 6.7 12H5c0 3.42 2.72 6.23 6 6.72V22h2v-3.28c3.28-.48 6-3.3 6-6.72h-1.7z"
          />
        </svg>
      </li>
      <li>
        <svg
          fill="none"
          height="1em"
          stroke="currentColor"
          strokeLinecap="round"
          strokeLinejoin="round"
          strokeWidth="2"
          style={
            Object {
              "color": undefined,
            }
          }
          viewBox="0 0 24 24"
          width="1em"
          xmlns="http://www.w3.org/2000/svg"
        >
          <circle
            cx="12"
            cy="12"
            r="3"
          />
          <path
            d="M19.4 15a1.65 1.65 0 0 0 .33 1.82l.06.06a2 2 0 0 1 0 2.83 2 2 0 0 1-2.83 0l-.06-.06a1.65 1.65 0 0 0-1.82-.33 1.65 1.65 0 0 0-1 1.51V21a2 2 0 0 1-2 2 2 2 0 0 1-2-2v-.09A1.65 1.65 0 0 0 9 19.4a1.65 1.65 0 0 0-1.82.33l-.06.06a2 2 0 0 1-2.83 0 2 2 0 0 1 0-2.83l.06-.06a1.65 1.65 0 0 0 .33-1.82 1.65 1.65 0 0 0-1.51-1H3a2 2 0 0 1-2-2 2 2 0 0 1 2-2h.09A1.65 1.65 0 0 0 4.6 9a1.65 1.65 0 0 0-.33-1.82l-.06-.06a2 2 0 0 1 0-2.83 2 2 0 0 1 2.83 0l.06.06a1.65 1.65 0 0 0 1.82.33H9a1.65 1.65 0 0 0 1-1.51V3a2 2 0 0 1 2-2 2 2 0 0 1 2 2v.09a1.65 1.65 0 0 0 1 1.51 1.65 1.65 0 0 0 1.82-.33l.06-.06a2 2 0 0 1 2.83 0 2 2 0 0 1 0 2.83l-.06.06a1.65 1.65 0 0 0-.33 1.82V9a1.65 1.65 0 0 0 1.51 1H21a2 2 0 0 1 2 2 2 2 0 0 1-2 2h-.09a1.65 1.65 0 0 0-1.51 1z"
          />
        </svg>
      </li>
    </ul>
  </header>,
  <section
    className="homeSection1"
  >
    <ul
      className="nasdaq"
    >
      <li>
        Nasdaq-100
      </li>
      <li>
        <img
          alt="Nasdaq-100"
          src="nasdaq.png"
        />
      </li>
    </ul>
    <ul
      className="dowjones"
    >
      <li>
        Dow Jones Industrial Average
      </li>
      <li>
        <img
          alt="Dow Jones Industrial Average (DJIA)"
          src="dowjones.png"
        />
      </li>
    </ul>
  </section>,
  <section
    className="search-bar"
  >
    <input
      onChange={[Function]}
      placeholder="Search Company Name or Symbol"
      type="search"
      value=""
    />
    <select
      id="company"
      name="company"
      onChange={[Function]}
      value=""
    >
      <option
        value=""
      >
        Choose a company
      </option>
    </select>
  </section>,
  <section
    className="cards"
  />,
]
`;
